[    0.000000] Initializing cgroup subsys cpuset
[    0.000000] Initializing cgroup subsys cpu
[    0.000000] Initializing cgroup subsys cpuacct
[    0.000000] Linux version 4.4.0-171-generic (buildd@lcy01-amd64-018) (gcc version 5.4.0 20160609 (Ubuntu 5.4.0-6ubuntu1~16.04.12) ) #200-Ubuntu SMP Tue Dec 3 11:04:55 UTC 2019 (Ubuntu 4.4.0-171.200-generic 4.4.203)
[    0.000000] Command line: BOOT_IMAGE=/boot/vmlinuz-4.4.0-171-generic root=LABEL=cloudimg-rootfs ro console=tty1 console=ttyS0
[    0.000000] KERNEL supported cpus:
[    0.000000]   Intel GenuineIntel
[    0.000000]   AMD AuthenticAMD
[    0.000000]   Centaur CentaurHauls
[    0.000000] x86/fpu: xstate_offset[2]:  576, xstate_sizes[2]:  256
[    0.000000] x86/fpu: Supporting XSAVE feature 0x01: 'x87 floating point registers'
[    0.000000] x86/fpu: Supporting XSAVE feature 0x02: 'SSE registers'
[    0.000000] x86/fpu: Supporting XSAVE feature 0x04: 'AVX registers'
[    0.000000] x86/fpu: Enabled xstate features 0x7, context size is 832 bytes, using 'standard' format.
[    0.000000] e820: BIOS-provided physical RAM map:
[    0.000000] BIOS-e820: [mem 0x0000000000000000-0x000000000009fbff] usable
[    0.000000] BIOS-e820: [mem 0x000000000009fc00-0x000000000009ffff] reserved
[    0.000000] BIOS-e820: [mem 0x00000000000f0000-0x00000000000fffff] reserved
[    0.000000] BIOS-e820: [mem 0x0000000000100000-0x000000003ffeffff] usable
[    0.000000] BIOS-e820: [mem 0x000000003fff0000-0x000000003fffffff] ACPI data
[    0.000000] BIOS-e820: [mem 0x00000000fec00000-0x00000000fec00fff] reserved
[    0.000000] BIOS-e820: [mem 0x00000000fee00000-0x00000000fee00fff] reserved
[    0.000000] BIOS-e820: [mem 0x00000000fffc0000-0x00000000ffffffff] reserved
[    0.000000] NX (Execute Disable) protection: active
[    0.000000] SMBIOS 2.5 present.
[    0.000000] Hypervisor detected: KVM
[    0.000000] e820: last_pfn = 0x3fff0 max_arch_pfn = 0x400000000
[    0.000000] MTRR: Disabled
[    0.000000] x86/PAT: MTRRs disabled, skipping PAT initialization too.
[    0.000000] CPU MTRRs all blank - virtualized system.
[    0.000000] x86/PAT: Configuration [0-7]: WB  WT  UC- UC  WB  WT  UC- UC  
[    0.000000] found SMP MP-table at [mem 0x0009fff0-0x0009ffff] mapped at [ffff88000009fff0]
[    0.000000] Scanning 1 areas for low memory corruption
[    0.000000] RAMDISK: [mem 0x362e2000-0x37168fff]
[    0.000000] ACPI: Early table checksum verification disabled
[    0.000000] ACPI: RSDP 0x00000000000E0000 000024 (v02 VBOX  )
[    0.000000] ACPI: XSDT 0x000000003FFF0030 00003C (v01 VBOX   VBOXXSDT 00000001 ASL  00000061)
[    0.000000] ACPI: FACP 0x000000003FFF00F0 0000F4 (v04 VBOX   VBOXFACP 00000001 ASL  00000061)
[    0.000000] ACPI: DSDT 0x000000003FFF0470 0022EA (v02 VBOX   VBOXBIOS 00000002 INTL 20190509)
[    0.000000] ACPI: FACS 0x000000003FFF0200 000040
[    0.000000] ACPI: FACS 0x000000003FFF0200 000040
[    0.000000] ACPI: APIC 0x000000003FFF0240 00005C (v02 VBOX   VBOXAPIC 00000001 ASL  00000061)
[    0.000000] ACPI: SSDT 0x000000003FFF02A0 0001CC (v01 VBOX   VBOXCPUT 00000002 INTL 20190509)
[    0.000000] No NUMA configuration found
[    0.000000] Faking a node at [mem 0x0000000000000000-0x000000003ffeffff]
[    0.000000] NODE_DATA(0) allocated [mem 0x3ffeb000-0x3ffeffff]
[    0.000000] kvm-clock: Using msrs 4b564d01 and 4b564d00
[    0.000000] kvm-clock: cpu 0, msr 0:3ffe3001, primary cpu clock
[    0.000000] kvm-clock: using sched offset of 3089852580 cycles
[    0.000000] clocksource: kvm-clock: mask: 0xffffffffffffffff max_cycles: 0x1cd42e4dffb, max_idle_ns: 881590591483 ns
[    0.000000] Zone ranges:
[    0.000000]   DMA      [mem 0x0000000000001000-0x0000000000ffffff]
[    0.000000]   DMA32    [mem 0x0000000001000000-0x000000003ffeffff]
[    0.000000]   Normal   empty
[    0.000000]   Device   empty
[    0.000000] Movable zone start for each node
[    0.000000] Early memory node ranges
[    0.000000]   node   0: [mem 0x0000000000001000-0x000000000009efff]
[    0.000000]   node   0: [mem 0x0000000000100000-0x000000003ffeffff]
[    0.000000] Initmem setup node 0 [mem 0x0000000000001000-0x000000003ffeffff]
[    0.000000] ACPI: PM-Timer IO Port: 0x4008
[    0.000000] IOAPIC[0]: apic_id 2, version 32, address 0xfec00000, GSI 0-23
[    0.000000] ACPI: INT_SRC_OVR (bus 0 bus_irq 0 global_irq 2 dfl dfl)
[    0.000000] ACPI: INT_SRC_OVR (bus 0 bus_irq 9 global_irq 9 low level)
[    0.000000] Using ACPI (MADT) for SMP configuration information
[    0.000000] smpboot: Allowing 2 CPUs, 0 hotplug CPUs
[    0.000000] PM: Registered nosave memory: [mem 0x00000000-0x00000fff]
[    0.000000] PM: Registered nosave memory: [mem 0x0009f000-0x0009ffff]
[    0.000000] PM: Registered nosave memory: [mem 0x000a0000-0x000effff]
[    0.000000] PM: Registered nosave memory: [mem 0x000f0000-0x000fffff]
[    0.000000] e820: [mem 0x40000000-0xfebfffff] available for PCI devices
[    0.000000] Booting paravirtualized kernel on KVM
[    0.000000] clocksource: refined-jiffies: mask: 0xffffffff max_cycles: 0xffffffff, max_idle_ns: 7645519600211568 ns
[    0.000000] setup_percpu: NR_CPUS:512 nr_cpumask_bits:512 nr_cpu_ids:2 nr_node_ids:1
[    0.000000] PERCPU: Embedded 33 pages/cpu @ffff88003fc00000 s95448 r8192 d31528 u1048576
[    0.000000] Built 1 zonelists in Node order, mobility grouping on.  Total pages: 257912
[    0.000000] Policy zone: DMA32
[    0.000000] Kernel command line: BOOT_IMAGE=/boot/vmlinuz-4.4.0-171-generic root=LABEL=cloudimg-rootfs ro console=tty1 console=ttyS0
[    0.000000] PID hash table entries: 4096 (order: 3, 32768 bytes)
[    0.000000] Memory: 997680K/1048120K available (8626K kernel code, 1336K rwdata, 4032K rodata, 1488K init, 1288K bss, 50440K reserved, 0K cma-reserved)
[    0.000000] SLUB: HWalign=64, Order=0-3, MinObjects=0, CPUs=2, Nodes=1
[    0.000000] Kernel/User page tables isolation: enabled
[    0.000000] Hierarchical RCU implementation.
[    0.000000] 	Build-time adjustment of leaf fanout to 64.
[    0.000000] 	RCU restricting CPUs from NR_CPUS=512 to nr_cpu_ids=2.
[    0.000000] RCU: Adjusting geometry for rcu_fanout_leaf=64, nr_cpu_ids=2
[    0.000000] NR_IRQS:33024 nr_irqs:440 16
[    0.000000] Console: colour VGA+ 80x25
[    0.000000] console [tty1] enabled
[    0.000000] console [ttyS0] enabled
[    0.000000] tsc: Detected 3695.998 MHz processor
[    0.081949] Calibrating delay loop (skipped) preset value.. 7391.99 BogoMIPS (lpj=14783992)
[    0.083003] pid_max: default: 32768 minimum: 301
[    0.083680] ACPI: Core revision 20150930
[    0.084834] ACPI: 2 ACPI AML tables successfully acquired and loaded
[    0.085726] Security Framework initialized
[    0.086271] Yama: becoming mindful.
[    0.086763] AppArmor: AppArmor initialized
[    0.087449] Dentry cache hash table entries: 131072 (order: 8, 1048576 bytes)
[    0.088894] Inode-cache hash table entries: 65536 (order: 7, 524288 bytes)
[    0.089976] Mount-cache hash table entries: 2048 (order: 2, 16384 bytes)
[    0.090838] Mountpoint-cache hash table entries: 2048 (order: 2, 16384 bytes)
[    0.091825] Initializing cgroup subsys io
[    0.092343] Initializing cgroup subsys memory
[    0.092953] Initializing cgroup subsys devices
[    0.093598] Initializing cgroup subsys freezer
[    0.094216] Initializing cgroup subsys net_cls
[    0.094785] Initializing cgroup subsys perf_event
[    0.095369] Initializing cgroup subsys net_prio
[    0.095916] Initializing cgroup subsys hugetlb
[    0.096469] Initializing cgroup subsys pids
[    0.098105] mce: CPU supports 0 MCE banks
[    0.098663] Last level iTLB entries: 4KB 64, 2MB 8, 4MB 8
[    0.099285] Last level dTLB entries: 4KB 64, 2MB 0, 4MB 0, 1GB 4
[    0.099971] Spectre V1 : Mitigation: usercopy/swapgs barriers and __user pointer sanitization
[    0.101057] Spectre V2 : Mitigation: Full generic retpoline
[    0.101805] Spectre V2 : Spectre v2 / SpectreRSB mitigation: Filling RSB on context switch
[    0.102885] Speculative Store Bypass: Vulnerable
[    0.103730] MDS: Mitigation: Clear CPU buffers
[    0.106224] Freeing SMP alternatives memory: 36K
[    0.111275] ftrace: allocating 32302 entries in 127 pages
[    0.153655] smpboot: APIC(0) Converting physical 0 to logical package 0
[    0.154416] smpboot: Max logical packages: 1
[    0.155100] x2apic enabled
[    0.155767] Switched APIC routing to physical x2apic.
[    0.157183] ..TIMER: vector=0x30 apic1=0 pin1=2 apic2=-1 pin2=-1
[    0.266119] smpboot: CPU0: Intel(R) Core(TM) i7-8700K CPU @ 3.70GHz (family: 0x6, model: 0x9e, stepping: 0xa)
[    0.267453] Performance Events: unsupported p6 CPU model 158 no PMU driver, software events only.
[    0.275847] KVM setup paravirtual spinlock
[    0.276892] x86: Booting SMP configuration:
[    0.277543] .... node  #0, CPUs:      #1
[    0.278144] kvm-clock: cpu 1, msr 0:3ffe3041, secondary cpu clock
[    0.279604] mce: CPU supports 0 MCE banks
[    0.281953] x86: Booted up 1 node, 2 CPUs
[    0.282622] smpboot: Total of 2 processors activated (14783.99 BogoMIPS)
[    0.283761] devtmpfs: initialized
[    0.285624] evm: security.selinux
[    0.286131] evm: security.SMACK64
[    0.286593] evm: security.SMACK64EXEC
[    0.287084] evm: security.SMACK64TRANSMUTE
[    0.287710] evm: security.SMACK64MMAP
[    0.288184] evm: security.ima
[    0.288597] evm: security.capability
[    0.289270] clocksource: jiffies: mask: 0xffffffff max_cycles: 0xffffffff, max_idle_ns: 7645041785100000 ns
[    0.290583] futex hash table entries: 512 (order: 3, 32768 bytes)
[    0.291371] pinctrl core: initialized pinctrl subsystem
[    0.292102] RTC time: 23:37:36, date: 01/29/20
[    0.292839] NET: Registered protocol family 16
[    0.301778] cpuidle: using governor ladder
[    0.313530] cpuidle: using governor menu
[    0.314068] PCCT header not found.
[    0.314558] ACPI: bus type PCI registered
[    0.315076] acpiphp: ACPI Hot Plug PCI Controller Driver version: 0.5
[    0.315866] PCI: Using configuration type 1 for base access
[    0.325757] ACPI: Added _OSI(Module Device)
[    0.326322] ACPI: Added _OSI(Processor Device)
[    0.326868] ACPI: Added _OSI(3.0 _SCP Extensions)
[    0.327462] ACPI: Added _OSI(Processor Aggregator Device)
[    0.328554] ACPI: Executed 1 blocks of module-level executable AML code
[    0.330732] ACPI: Interpreter enabled
[    0.331257] ACPI: (supports S0 S5)
[    0.331733] ACPI: Using IOAPIC for interrupt routing
[    0.332440] PCI: Using host bridge windows from ACPI; if necessary, use "pci=nocrs" and report a bug
[    0.335697] ACPI: PCI Root Bridge [PCI0] (domain 0000 [bus 00-ff])
[    0.336399] acpi PNP0A03:00: _OSC: OS supports [ASPM ClockPM Segments MSI]
[    0.337440] acpi PNP0A03:00: _OSC: not requesting OS control; OS requires [ExtendedConfig ASPM ClockPM MSI]
[    0.338597] acpi PNP0A03:00: fail to add MMCONFIG information, can't access extended PCI configuration space under this bridge.
[    0.340061] PCI host bridge to bus 0000:00
[    0.340600] pci_bus 0000:00: root bus resource [io  0x0000-0x0cf7 window]
[    0.341428] pci_bus 0000:00: root bus resource [io  0x0d00-0xffff window]
[    0.342190] pci_bus 0000:00: root bus resource [mem 0x000a0000-0x000bffff window]
[    0.343155] pci_bus 0000:00: root bus resource [mem 0x40000000-0xfdffffff window]
[    0.344110] pci_bus 0000:00: root bus resource [bus 00-ff]
[    0.345821] pci 0000:00:01.1: legacy IDE quirk: reg 0x10: [io  0x01f0-0x01f7]
[    0.346624] pci 0000:00:01.1: legacy IDE quirk: reg 0x14: [io  0x03f6]
[    0.347375] pci 0000:00:01.1: legacy IDE quirk: reg 0x18: [io  0x0170-0x0177]
[    0.348157] pci 0000:00:01.1: legacy IDE quirk: reg 0x1c: [io  0x0376]
[    0.362900] pci 0000:00:07.0: quirk: [io  0x4000-0x403f] claimed by PIIX4 ACPI
[    0.363861] pci 0000:00:07.0: quirk: [io  0x4100-0x410f] claimed by PIIX4 SMB
[    0.367190] ACPI: PCI Interrupt Link [LNKA] (IRQs 5 9 10 *11)
[    0.368286] ACPI: PCI Interrupt Link [LNKB] (IRQs 5 9 *10 11)
[    0.369331] ACPI: PCI Interrupt Link [LNKC] (IRQs 5 *9 10 11)
[    0.370287] ACPI: PCI Interrupt Link [LNKD] (IRQs 5 9 10 *11)
[    0.371257] ACPI: Enabled 2 GPEs in block 00 to 07
[    0.372082] vgaarb: setting as boot device: PCI:0000:00:02.0
[    0.372800] vgaarb: device added: PCI:0000:00:02.0,decodes=io+mem,owns=io+mem,locks=none
[    0.373832] vgaarb: loaded
[    0.374245] vgaarb: bridge control possible 0000:00:02.0
[    0.375021] SCSI subsystem initialized
[    0.375586] ACPI: bus type USB registered
[    0.376119] usbcore: registered new interface driver usbfs
[    0.376782] usbcore: registered new interface driver hub
[    0.377447] usbcore: registered new device driver usb
[    0.378290] PCI: Using ACPI for IRQ routing
[    0.379003] NetLabel: Initializing
[    0.379474] NetLabel:  domain hash size = 128
[    0.380027] NetLabel:  protocols = UNLABELED CIPSOv4
[    0.381027] NetLabel:  unlabeled traffic allowed by default
[    0.381842] amd_nb: Cannot enumerate AMD northbridges
[    0.382503] clocksource: Switched to clocksource kvm-clock
[    0.387175] AppArmor: AppArmor Filesystem Enabled
[    0.387812] pnp: PnP ACPI init
[    0.388740] pnp: PnP ACPI: found 3 devices
[    0.396409] clocksource: acpi_pm: mask: 0xffffff max_cycles: 0xffffff, max_idle_ns: 2085701024 ns
[    0.397556] NET: Registered protocol family 2
[    0.398217] TCP established hash table entries: 8192 (order: 4, 65536 bytes)
[    0.399013] TCP bind hash table entries: 8192 (order: 5, 131072 bytes)
[    0.399743] TCP: Hash tables configured (established 8192 bind 8192)
[    0.400542] UDP hash table entries: 512 (order: 2, 16384 bytes)
[    0.401267] UDP-Lite hash table entries: 512 (order: 2, 16384 bytes)
[    0.402017] NET: Registered protocol family 1
[    0.402585] pci 0000:00:00.0: Limiting direct PCI/PCI transfers
[    0.403316] pci 0000:00:01.0: Activating ISA DMA hang workarounds
[    0.404099] Unpacking initramfs...
[    0.556605] Freeing initrd memory: 14876K
[    0.557265] clocksource: tsc: mask: 0xffffffffffffffff max_cycles: 0x6a8d2284b57, max_idle_ns: 881590451434 ns
[    0.558667] platform rtc_cmos: registered platform RTC device (no PNP device found)
[    0.559757] Scanning for low memory corruption every 60 seconds
[    0.560807] audit: initializing netlink subsys (disabled)
[    0.561559] audit: type=2000 audit(1580341061.372:1): initialized
[    0.562461] Initialise system trusted keyring
[    0.563200] HugeTLB registered 2 MB page size, pre-allocated 0 pages
[    0.564855] zbud: loaded
[    0.565650] VFS: Disk quotas dquot_6.6.0
[    0.566185] VFS: Dquot-cache hash table entries: 512 (order 0, 4096 bytes)
[    0.567181] squashfs: version 4.0 (2009/01/31) Phillip Lougher
[    0.568162] fuse init (API version 7.23)
[    0.568882] Key type big_key registered
[    0.569471] Allocating IMA MOK and blacklist keyrings.
[    0.570870] Key type asymmetric registered
[    0.571517] Asymmetric key parser 'x509' registered
[    0.572170] Block layer SCSI generic (bsg) driver version 0.4 loaded (major 249)
[    0.573213] io scheduler noop registered
[    0.573818] io scheduler deadline registered (default)
[    0.574447] io scheduler cfq registered
[    0.575122] pci_hotplug: PCI Hot Plug PCI Core version: 0.5
[    0.575875] pciehp: PCI Express Hot Plug Controller Driver version: 0.4
[    0.576751] ACPI: AC Adapter [AC] (on-line)
[    0.577341] input: Power Button as /devices/LNXSYSTM:00/LNXPWRBN:00/input/input0
[    0.578300] ACPI: Power Button [PWRF]
[    0.578897] input: Sleep Button as /devices/LNXSYSTM:00/LNXSLPBN:00/input/input1
[    0.579879] ACPI: Sleep Button [SLPF]
[    0.580531] GHES: HEST is not enabled!
[    0.581166] Serial: 8250/16550 driver, 32 ports, IRQ sharing enabled
[    0.602309] 00:02: ttyS0 at I/O 0x3f8 (irq = 4, base_baud = 115200) is a 16550A
[    0.605208] Linux agpgart interface v0.103
[    0.606817] loop: module loaded
[    0.607603] scsi host0: ata_piix
[    0.608159] scsi host1: ata_piix
[    0.608932] ata1: PATA max UDMA/33 cmd 0x1f0 ctl 0x3f6 bmdma 0xd000 irq 14
[    0.609688] ata2: PATA max UDMA/33 cmd 0x170 ctl 0x376 bmdma 0xd008 irq 15
[    0.610741] libphy: Fixed MDIO Bus: probed
[    0.611330] tun: Universal TUN/TAP device driver, 1.6
[    0.611911] tun: (C) 1999-2004 Max Krasnyansky <maxk@qualcomm.com>
[    0.612728] PPP generic driver version 2.4.2
[    0.613457] ehci_hcd: USB 2.0 'Enhanced' Host Controller (EHCI) Driver
[    0.614178] ehci-pci: EHCI PCI platform driver
[    0.614794] ehci-platform: EHCI generic platform driver
[    0.615432] ohci_hcd: USB 1.1 'Open' Host Controller (OHCI) Driver
[    0.616140] ohci-pci: OHCI PCI platform driver
[    0.616752] ohci-platform: OHCI generic platform driver
[    0.617384] uhci_hcd: USB Universal Host Controller Interface driver
[    0.618140] i8042: PNP: PS/2 Controller [PNP0303:PS2K,PNP0f03:PS2M] at 0x60,0x64 irq 1,12
[    0.619529] serio: i8042 KBD port at 0x60,0x64 irq 1
[    0.620128] serio: i8042 AUX port at 0x60,0x64 irq 12
[    0.621105] mousedev: PS/2 mouse device common for all mice
[    0.622026] input: AT Translated Set 2 keyboard as /devices/platform/i8042/serio0/input/input2
[    0.623390] rtc_cmos rtc_cmos: rtc core: registered rtc_cmos as rtc0
[    0.624198] rtc_cmos rtc_cmos: alarms up to one day, 114 bytes nvram
[    0.624957] i2c /dev entries driver
[    0.625437] device-mapper: uevent: version 1.0.3
[    0.626077] device-mapper: ioctl: 4.34.0-ioctl (2015-10-28) initialised: dm-devel@redhat.com
[    0.627172] ledtrig-cpu: registered to indicate activity on CPUs
[    0.628189] NET: Registered protocol family 10
[    0.628944] NET: Registered protocol family 17
[    0.629531] Key type dns_resolver registered
[    0.630402] registered taskstats version 1
[    0.630961] Loading compiled-in X.509 certificates
[    0.631936] Loaded X.509 cert 'Build time autogenerated kernel key: e951a32ceec0422669d36e9913b2c7dea5e0a587'
[    0.633097] zswap: loaded using pool lzo/zbud
[    0.634769] Key type trusted registered
[    0.637479] Key type encrypted registered
[    0.638006] AppArmor: AppArmor sha1 policy hashing enabled
[    0.638683] ima: No TPM chip found, activating TPM-bypass!
[    0.639343] ima: Allocated hash algorithm: sha1
[    0.639905] evm: HMAC attrs: 0x1
[    0.640564]   Magic number: 4:172:657
[    0.641173] rtc_cmos rtc_cmos: setting system clock to 2020-01-29 23:37:36 UTC (1580341056)
[    0.642318] BIOS EDD facility v0.16 2004-Jun-25, 0 devices found
[    0.643053] EDD information not available.
[    0.770544] Freeing unused kernel memory: 1488K
[    0.773736] Write protecting the kernel read-only data: 14336k
[    0.778890] Freeing unused kernel memory: 1604K
[    0.782471] Freeing unused kernel memory: 64K
Loading, please wait...
starting version 229
[    0.831092] random: systemd-udevd: uninitialized urandom read (16 bytes read, 1 bits of entropy available)
[    0.831833] random: udevadm: uninitialized urandom read (16 bytes read, 1 bits of entropy available)
[    0.831867] random: udevadm: uninitialized urandom read (16 bytes read, 1 bits of entropy available)
[    0.839746] random: systemd-udevd: uninitialized urandom read (16 bytes read, 1 bits of entropy available)
[    0.842063] random: systemd-udevd: uninitialized urandom read (16 bytes read, 1 bits of entropy available)
[    0.842874] random: udevadm: uninitialized urandom read (16 bytes read, 1 bits of entropy available)
[    0.842941] random: udevadm: uninitialized urandom read (16 bytes read, 1 bits of entropy available)
[    0.843099] random: udevadm: uninitialized urandom read (16 bytes read, 1 bits of entropy available)
[    0.843154] random: udevadm: uninitialized urandom read (16 bytes read, 1 bits of entropy available)
[    0.843208] random: udevadm: uninitialized urandom read (16 bytes read, 1 bits of entropy available)
[    0.873029] e1000: Intel(R) PRO/1000 Network Driver - version 7.3.21-k8-NAPI
[    0.873833] e1000: Copyright (c) 1999-2006 Intel Corporation.
[    0.875746] Fusion MPT base driver 3.04.20
[    0.876323] Copyright (c) 1999-2008 LSI Corporation
[    0.884519] AVX2 version of gcm_enc/dec engaged.
[    0.885144] AES CTR mode by8 optimization enabled
[    0.886622] Fusion MPT SPI Host driver 3.04.20
[    1.103758] input: ImExPS/2 Generic Explorer Mouse as /devices/platform/i8042/serio1/input/input4
[    1.217302] e1000 0000:00:03.0 eth0: (PCI:33MHz:32-bit) 02:d7:6c:25:93:fc
[    1.218108] e1000 0000:00:03.0 eth0: Intel(R) PRO/1000 Network Connection
[    1.219472] mptbase: ioc0: Initiating bringup
[    1.219628] e1000 0000:00:03.0 enp0s3: renamed from eth0
[    1.290648] ioc0: LSI53C1030 A0: Capabilities={Initiator}
[    1.451937] scsi host2: ioc0: LSI53C1030 A0, FwRev=00000000h, Ports=1, MaxQ=256, IRQ=20
[    1.570858] scsi 2:0:0:0: Direct-Access     VBOX     HARDDISK         1.0  PQ: 0 ANSI: 5
[    1.572032] scsi target2:0:0: Beginning Domain Validation
[    1.573637] scsi target2:0:0: Domain Validation skipping write tests
[    1.574651] scsi target2:0:0: Ending Domain Validation
[    1.575473] scsi target2:0:0: asynchronous
[    1.576231] scsi 2:0:1:0: Direct-Access     VBOX     HARDDISK         1.0  PQ: 0 ANSI: 5
[    1.577319] scsi target2:0:1: Beginning Domain Validation
[    1.578460] scsi target2:0:1: Domain Validation skipping write tests
[    1.579231] scsi target2:0:1: Ending Domain Validation
[    1.579887] scsi target2:0:1: asynchronous
[    1.583232] sd 2:0:0:0: [sda] 20971520 512-byte logical blocks: (10.7 GB/10.0 GiB)
[    1.583355] sd 2:0:0:0: Attached scsi generic sg0 type 0
[    1.593340] sd 2:0:0:0: [sda] Write Protect is off
[    1.594115] sd 2:0:1:0: Attached scsi generic sg1 type 0
[    1.594121] sd 2:0:1:0: [sdb] 20480 512-byte logical blocks: (10.5 MB/10.0 MiB)
[    1.594130] sd 2:0:0:0: [sda] Incomplete mode parameter data
[    1.594131] sd 2:0:0:0: [sda] Assuming drive cache: write through
[    1.596596] sd 2:0:1:0: [sdb] Write Protect is off
[    1.598064] sd 2:0:1:0: [sdb] Incomplete mode parameter data
[    1.598830] sd 2:0:1:0: [sdb] Assuming drive cache: write through
[    1.601059]  sda: sda1
[    1.602016] sd 2:0:0:0: [sda] Attached SCSI disk
[    1.602894] sd 2:0:1:0: [sdb] Attached SCSI disk
Begin: Loading essential drivers ... [    2.839660] md: linear personality registered for level -1
[    2.842225] md: multipath personality registered for level -4
[    2.844867] md: raid0 personality registered for level 0
[    2.847939] md: raid1 personality registered for level 1
[    2.920341] raid6: sse2x1   gen()  9800 MB/s
[    2.990328] raid6: sse2x1   xor() 10606 MB/s
[    3.059108] raid6: sse2x2   gen() 17625 MB/s
[    3.126753] raid6: sse2x2   xor() 12457 MB/s
[    3.195452] raid6: sse2x4   gen() 20829 MB/s
[    3.263089] raid6: sse2x4   xor() 13623 MB/s
[    3.332737] raid6: avx2x1   gen() 25988 MB/s
[    3.399076] raid6: avx2x2   gen() 32754 MB/s
[    3.466820] raid6: avx2x4   gen() 36292 MB/s
[    3.467426] raid6: using algorithm avx2x4 gen() 36292 MB/s
[    3.468085] raid6: using avx2x2 recovery algorithm
[    3.470709] xor: automatically using best checksumming function:
[    3.510533]    avx       : 31566.000 MB/sec
[    3.512184] async_tx: api initialized (async)
[    3.520165] md: raid6 personality registered for level 6
[    3.520876] md: raid5 personality registered for level 5
[    3.521524] md: raid4 personality registered for level 4
[    3.526257] md: raid10 personality registered for level 10
done.
Begin: Running /scripts/init-premount ... done.
Begin: Mounting root file system ... Begin: Running /scripts/local-top ... done.
Begin: Running /scripts/local-premount ... [    3.546741] Btrfs loaded
Scanning for Btrfs filesystems
done.
Warning: fsck not present, so skipping root file system
[    3.566504] EXT4-fs (sda1): INFO: recovery required on readonly filesystem
[    3.567359] EXT4-fs (sda1): write access will be enabled during recovery
[    3.606780] EXT4-fs (sda1): orphan cleanup on readonly fs
[    3.645997] EXT4-fs (sda1): 1 orphan inode deleted
[    3.646640] EXT4-fs (sda1): recovery complete
[    3.647844] EXT4-fs (sda1): mounted filesystem with ordered data mode. Opts: (null)
done.
Begin: Running /scripts/local-bottom ... done.
Begin: Running /scripts/init-bottom ... done.
[    3.725094] systemd[1]: systemd 229 running in system mode. (+PAM +AUDIT +SELINUX +IMA +APPARMOR +SMACK +SYSVINIT +UTMP +LIBCRYPTSETUP +GCRYPT +GNUTLS +ACL +XZ -LZ4 +SECCOMP +BLKID +ELFUTILS +KMOD -IDN)
[    3.727233] systemd[1]: Detected virtualization oracle.
[    3.727872] systemd[1]: Detected architecture x86-64.

Welcome to [1mUbuntu 16.04.6 LTS[0m!

[    3.730623] systemd[1]: Set hostname to <ubuntu-xenial>.
[    3.970876] systemd[1]: Listening on Journal Socket (/dev/log).
[[0;32m  OK  [0m] Listening on Journal Socket (/dev/log).
[    3.972297] systemd[1]: Listening on LVM2 poll daemon socket.
[[0;32m  OK  [0m] Listening on LVM2 poll daemon socket.
[    3.974498] systemd[1]: Reached target Encrypted Volumes.
[[0;32m  OK  [0m] Reached target Encrypted Volumes.
[    3.976875] systemd[1]: Reached target User and Group Name Lookups.
[[0;32m  OK  [0m] Reached target User and Group Name Lookups.
[    3.978044] systemd[1]: Started Forward Password Requests to Wall Directory Watch.
[[0;32m  OK  [0m] Started Forward Password Requests to Wall Directory Watch.
[    3.979602] systemd[1]: Set up automount Arbitrary Executable File Formats File System Automount Point.
[[0;32m  OK  [0m] Set up automount Arbitrary Executab...ats File System Automount Point.
[    3.981474] systemd[1]: Started Trigger resolvconf update for networkd DNS.
[[0;32m  OK  [0m] Started Trigger resolvconf update for networkd DNS.
[    3.983076] systemd[1]: Reached target Swap.
[[0;32m  OK  [0m] Reached target Swap.
[    3.983952] systemd[1]: Listening on LVM2 metadata daemon socket.
[[0;32m  OK  [0m] Listening on LVM2 metadata daemon socket.
[    3.985342] systemd[1]: Created slice User and Session Slice.
[[0;32m  OK  [0m] Created slice User and Session Slice.
[    3.986472] systemd[1]: Reached target System Time Synchronized.
[[0;32m  OK  [0m] Reached target System Time Synchronized.
[    3.987619] systemd[1]: Listening on udev Kernel Socket.
[[0;32m  OK  [0m] Listening on udev Kernel Socket.
[    3.988614] systemd[1]: Listening on udev Control Socket.
[[0;32m  OK  [0m] Listening on udev Control Socket.
[    3.989871] systemd[1]: Listening on Device-mapper event daemon FIFOs.
[[0;32m  OK  [0m] Listening on Device-mapper event daemon FIFOs.
[    3.991079] systemd[1]: Listening on Syslog Socket.
[[0;32m  OK  [0m] Listening on Syslog Socket.
[    3.992017] systemd[1]: Listening on Journal Socket.
[[0;32m  OK  [0m] Listening on Journal Socket.
[    3.993212] systemd[1]: Created slice System Slice.
[[0;32m  OK  [0m] Created slice System Slice.
[    4.006674] systemd[1]: Starting Monitoring of LVM2 mirrors, snapshots etc. using dmeventd or progress polling...
         Starting Monitoring of LVM2 mirrors... dmeventd or progress polling...
[    4.009205] systemd[1]: Starting Uncomplicated firewall...
         Starting Uncomplicated firewall...
[    4.011056] systemd[1]: Starting Nameserver information manager...
         Starting Nameserver information manager...
[    4.013009] systemd[1]: Mounting POSIX Message Queue File System...
         Mounting POSIX Message Queue File System...
[    4.015292] systemd[1]: Starting Set console keymap...
         Starting Set console keymap...
[    4.018129] systemd[1]: Mounting Huge Pages File System...
         Mounting Huge Pages File System...
[    4.022089] systemd[1]: Starting Create list of required static device nodes for the current kernel...
         Starting Create list of required st... nodes for the current kernel...
[    4.026230] systemd[1]: Created slice system-serial\x2dgetty.slice.
[[0;32m  OK  [0m] Created slice system-serial\x2dgetty.slice.
[    4.031391] systemd[1]: Starting Load Kernel Modules...
         Starting Load Kernel Modules...
[    4.033110] systemd[1]: Mounting Debug File System...
         Mounting Debug File System...
[    4.034288] systemd[1]: Reached target Slices.
[[0;32m  OK  [0m] Reached target Slices.
[    4.035735] systemd[1]: Listening on Journal Audit Socket.
[[0;32m  OK  [0m] Listening on Journal Audit Socket.
[    4.037490] systemd[1]: Starting Journal Service...
         Starting Journal Service...
[    4.039545] systemd[1]: Starting Remount Root and Kernel File Systems...
         Starting Remount Root and Kernel File Systems...
[    4.041376] systemd[1]: Listening on /dev/initctl Compatibility Named Pipe.
[[0;32m  OK  [0m] Listening on /dev/initctl Compatibility Named Pipe.
[    4.044420] systemd[1]: Mounted Debug File System.
[    4.045038] EXT4-fs (sda1): re-mounted. Opts: (null)
[[0;32m  OK  [0m] Mounted Debug File System.
[    4.046628] systemd[1]: Mounted POSIX Message Queue File System.
[[0;32m  OK  [0m] Mounted POSIX Message Queue File System.
[    4.048266] systemd[1]: Mounted Huge Pages File System.
[[0;32m  OK  [0m] Mounted Huge Pages File System.
[    4.050514] systemd[1]: Started Uncomplicated firewall.
[[0;32m  OK  [0m] Started Uncomplicated firewall.
[    4.054140] Loading iSCSI transport class v2.0-870.
[    4.059134] iscsi: registered transport (tcp)
[    4.071063] systemd[1]: Started Set console keymap.
[[0;32m  OK  [0m] Started Set console keymap.
[    4.072718] systemd[1]: Started Create list of required static device nodes for the current kernel.
[[0;32m  OK  [0m] Started Create list of required sta...ce nodes for the current kernel.
[    4.075248] systemd[1]: Started Remount Root and Kernel File Systems.
[[0;32m  OK  [0m] Started Remount Root and Kernel File Systems.
[    4.077360] systemd[1]: Started Nameserver information manager.
[[0;32m  OK  [0m] Started Nameserver information manager.
[    4.079741] systemd[1]: Started Journal Service.
[[0;32m  OK  [0m] Started Journal Service.
[[0;32m  OK  [0m] Started LVM2 metadata daemon.
         Starting udev Coldplug all Devices...
         Starting Flush Journal to Persistent Storage...
         Starting Load/Save Random Seed...
         Starting Create Static Device Nodes in /dev...
[[0;32m  OK  [0m] Started Load/Save Random Seed.
[    4.096860] systemd-journald[398]: Received request to flush runtime journal from PID 1
[    4.098257] iscsi: registered transport (iser)
[[0;32m  OK  [0m] Started Flush Journal to Persistent Storage.
[[0;32m  OK  [0m] Started Load Kernel Modules.
         Starting Apply Kernel Variables...
         Mounting FUSE Control File System...
[[0;32m  OK  [0m] Mounted FUSE Control File System.
[[0;32m  OK  [0m] Started Create Static Device Nodes in /dev.
         Starting udev Kernel Device Manager...
[[0;32m  OK  [0m] Started Apply Kernel Variables.
[[0;32m  OK  [0m] Started udev Coldplug all Devices.
[[0;32m  OK  [0m] Started udev Kernel Device Manager.
[[0;32m  OK  [0m] Started Dispatch Password Requests to Console Directory Watch.
[[0;32m  OK  [0m] Found device /dev/ttyS0.
[[0;32m  OK  [0m] Listening on Load/Save RF Kill Switch Status /dev/rfkill Watch.
[[0;32m  OK  [0m] Found device 82540EM Gigabit Ethern...r (PRO/1000 MT Desktop Adapter).
[[0;32m  OK  [0m] Started Monitoring of LVM2 mirrors,...ng dmeventd or progress polling.
[[0;32m  OK  [0m] Reached target Local File Systems (Pre).
[[0;32m  OK  [0m] Reached target Local File Systems.
         Starting LSB: AppArmor initialization...
         Starting Tell Plymouth To Write Out Runtime Data...
         Starting Initial cloud-init job (pre-networking)...
         Starting Create Volatile Files and Directories...
         Starting Set console font and keymap...
[[0;32m  OK  [0m] Started Create Volatile Files and Directories.
[[0;32m  OK  [0m] Started Tell Plymouth To Write Out Runtime Data.
         Starting Update UTMP about System Boot/Shutdown...
[[0;32m  OK  [0m] Started Update UTMP about System Boot/Shutdown.
[[0;32m  OK  [0m] Started LSB: AppArmor initialization.
[[0;32m  OK  [0m] Started Set console font and keymap.
[[0;32m  OK  [0m] Created slice system-getty.slice.
[    5.112835] cloud-init[624]: Cloud-init v. 19.3-41-gc4735dd3-0ubuntu1~16.04.1 running 'init-local' at Wed, 29 Jan 2020 23:37:40 +0000. Up 4.93 seconds.
[[0;32m  OK  [0m] Started Initial cloud-init job (pre-networking).
[[0;32m  OK  [0m] Reached target Network (Pre).
[[0;32m  OK  [0m] Started ifup for enp0s3.
         Starting Raise network interfaces...
[[0;32m  OK  [0m] Started Raise network interfaces.
[[0;32m  OK  [0m] Reached target Network.
         Starting Initial cloud-init job (metadata service crawler)...
[    5.564923] cloud-init[979]: Cloud-init v. 19.3-41-gc4735dd3-0ubuntu1~16.04.1 running 'init' at Wed, 29 Jan 2020 23:37:41 +0000. Up 5.41 seconds.
[    5.565932] cloud-init[979]: ci-info: ++++++++++++++++++++++++++++++++++++++Net device info++++++++++++++++++++++++++++++++++++++
[    5.566833] cloud-init[979]: ci-info: +--------+------+----------------------------+---------------+--------+-------------------+
[    5.567688] cloud-init[979]: ci-info: | Device |  Up  |          Address           |      Mask     | Scope  |     Hw-Address    |
[    5.568579] cloud-init[979]: ci-info: +--------+------+----------------------------+---------------+--------+-------------------+
[    5.569460] cloud-init[979]: ci-info: | enp0s3 | True |         10.0.2.15          | 255.255.255.0 | global | 02:d7:6c:25:93:fc |
[    5.570490] cloud-init[979]: ci-info: | enp0s3 | True | fe80::d7:6cff:fe25:93fc/64 |       .       |  link  | 02:d7:6c:25:93:fc |
[    5.571518] cloud-init[979]: ci-info: |   lo   | True |         127.0.0.1          |   255.0.0.0   |  host  |         .         |
[    5.572421] cloud-init[979]: ci-info: |   lo   | True |          ::1/128           |       .       |  host  |         .         |
[    5.573324] cloud-init[979]: ci-info: +--------+------+----------------------------+---------------+--------+-------------------+
[    5.574290] cloud-init[979]: ci-info: +++++++++++++++++++++++++++Route IPv4 info++++++++++++++++++++++++++++
[    5.575039] cloud-init[979]: ci-info: +-------+-------------+----------+---------------+-----------+-------+
[    5.575899] cloud-init[979]: ci-info: | Route | Destination | Gateway  |    Genmask    | Interface | Flags |
[    5.576695] cloud-init[979]: ci-info: +-------+-------------+----------+---------------+-----------+-------+
[    5.577507] cloud-init[979]: ci-info: |   0   |   0.0.0.0   | 10.0.2.2 |    0.0.0.0    |   enp0s3  |   UG  |
[    5.578339] cloud-init[979]: ci-info: |   1   |   10.0.2.0  | 0.0.0.0  | 255.255.255.0 |   enp0s3  |   U   |
[    5.579282] cloud-init[979]: ci-info: +-------+-------------+----------+---------------+-----------+-------+
[    5.580018] cloud-init[979]: ci-info: +++++++++++++++++++Route IPv6 info+++++++++++++++++++
[    5.580746] cloud-init[979]: ci-info: +-------+-------------+---------+-----------+-------+
[    5.581406] cloud-init[979]: ci-info: | Route | Destination | Gateway | Interface | Flags |
[    5.582114] cloud-init[979]: ci-info: +-------+-------------+---------+-----------+-------+
[    5.582805] cloud-init[979]: ci-info: |   0   |  fe80::/64  |    ::   |   enp0s3  |   U   |
[    5.583497] cloud-init[979]: ci-info: |   3   |   ff00::/8  |    ::   |   enp0s3  |   U   |
[    5.584175] cloud-init[979]: ci-info: +-------+-------------+---------+-----------+-------+
[[0;32m  OK  [0m] Started Initial cloud-init job (metadata service crawler).
[[0;32m  OK  [0m] Reached target System Initialization.
         Starting LXD - unix socket.
[[0;32m  OK  [0m] Listening on ACPID Listen Socket.
[[0;32m  OK  [0m] Started Daily apt download activities.
[[0;32m  OK  [0m] Started Daily apt upgrade and clean activities.
[[0;32m  OK  [0m] Listening on UUID daemon activation socket.
[[0;32m  OK  [0m] Started Message of the Day.
[[0;32m  OK  [0m] Started ACPI Events Check.
[[0;32m  OK  [0m] Reached target Paths.
         Starting Socket activation for snappy daemon.
[[0;32m  OK  [0m] Listening on D-Bus System Message Bus Socket.
[[0;32m  OK  [0m] Started Daily Cleanup of Temporary Directories.
[[0;32m  OK  [0m] Reached target Timers.
[[0;32m  OK  [0m] Reached target Network is Online.
         Starting iSCSI initiator daemon (iscsid)...
[[0;32m  OK  [0m] Reached target Cloud-config availability.
[[0;32m  OK  [0m] Listening on LXD - unix socket.
[[0;32m  OK  [0m] Listening on Socket activation for snappy daemon.
[[0;32m  OK  [0m] Reached target Sockets.
[[0;32m  OK  [0m] Reached target Basic System.
         Starting Virtualbox guest utils...
[[0;32m  OK  [0m] Started ACPI event daemon.
         Starting LSB: MD monitoring daemon...
         Starting /etc/rc.local Compatibility...
[[0;32m  OK  [0m] Started D-Bus System Message Bus.
[[0;32m  OK  [0m] Started Regular background program processing daemon.
         Starting Login Service...
[[0;32m  OK  [0m] Started FUSE filesystem for LXC.
         Starting Snappy daemon...
         Starting Message of the Day...
         Starting Accounts Service...
         Starting OpenBSD Secure Shell server...
         Starting LSB: Record successful boot for GRUB...
[[0;32m  OK  [0m] Started Deferred execution scheduler.
         Starting System Logging Service...
         Starting LXD - container startup/shutdown...
[[0;32m  OK  [0m] Started /etc/rc.local Compatibility.
[[0;32m  OK  [0m] Started Login Service.
[[0;32m  OK  [0m] Started Unattended Upgrades Shutdown.
[[0;32m  OK  [0m] Started iSCSI initiator daemon (iscsid).
         Starting Login to default iSCSI targets...
[[0;32m  OK  [0m] Started LSB: MD monitoring daemon.
[[0;32m  OK  [0m] Started Login to default iSCSI targets.
[[0;32m  OK  [0m] Started System Logging Service.
[[0;32m  OK  [0m] Reached target Remote File Systems (Pre).
[[0;32m  OK  [0m] Reached target Remote File Systems.
         Starting LSB: Set the CPU Frequency Scaling governor to "ondemand"...
         Starting LSB: daemon to balance interrupts for SMP systems...
         Starting Permit User Sessions...
         Starting LSB: automatic crash report generation...
[[0;32m  OK  [0m] Started LSB: Record successful boot for GRUB.
[[0;32m  OK  [0m] Started Permit User Sessions.
         Starting Terminate Plymouth Boot Screen...
         Starting Hold until boot process finishes up...
[[0;32m  OK  [0m] Started Hold until boot process finishes up.
[[0;32m  OK  [0m] Started Serial Getty on ttyS0.
         Starting Set console scheme...
[[0;32m  OK  [0m] Started Getty on tty1.
[[0;32m  OK  [0m] Reached target Login Prompts.
[[0;32m  OK  [0m] Started Terminate Plymouth Boot Screen.
[[0;32m  OK  [0m] Started Set console scheme.
[[0;32m  OK  [0m] Started LSB: Set the CPU Frequency Scaling governor to "ondemand".
[[0;32m  OK  [0m] Started LSB: automatic crash report generation.
[[0;32m  OK  [0m] Started LSB: daemon to balance interrupts for SMP systems.
[[0;32m  OK  [0m] Started OpenBSD Secure Shell server.
         Starting Authenticate and Authorize Users to Run Privileged Tasks...
[[0;32m  OK  [0m] Started Authenticate and Authorize Users to Run Privileged Tasks.
[[0;32m  OK  [0m] Started Accounts Service.
[[0;32m  OK  [0m] Started Virtualbox guest utils.
[[0;32m  OK  [0m] Started LXD - container startup/shutdown.
[[0;32m  OK  [0m] Started Snappy daemon.
         Starting Wait until snapd is fully seeded...
[[0;32m  OK  [0m] Started Wait until snapd is fully seeded.
         Starting Apply the settings specified in cloud-config...
[[0;32m  OK  [0m] Reached target Multi-User System.
[[0;32m  OK  [0m] Reached target Graphical Interface.
         Starting Update UTMP about System Runlevel Changes...
[[0;32m  OK  [0m] Started Update UTMP about System Runlevel Changes.
[    6.141886] cloud-init[1254]: Cloud-init v. 19.3-41-gc4735dd3-0ubuntu1~16.04.1 running 'modules:config' at Wed, 29 Jan 2020 23:37:42 +0000. Up 6.08 seconds.
[[0;32m  OK  [0m] Started Apply the settings specified in cloud-config.
         Starting Execute cloud user/final scripts...
[    6.459191] cloud-init[1271]: Cloud-init v. 19.3-41-gc4735dd3-0ubuntu1~16.04.1 running 'modules:final' at Wed, 29 Jan 2020 23:37:42 +0000. Up 6.40 seconds.
[    6.460325] cloud-init[1271]: Cloud-init v. 19.3-41-gc4735dd3-0ubuntu1~16.04.1 finished at Wed, 29 Jan 2020 23:37:42 +0000. Datasource DataSourceNoCloud [seed=/dev/sdb][dsmode=net].  Up 6.45 seconds
[[0;32m  OK  [0m] Started Execute cloud user/final scripts.
         Starting Daily apt download activities...
[[0;32m  OK  [0m] Reached target Cloud-init target.
[[0;32m  OK  [0m] Started Message of the Day.

Ubuntu 16.04.6 LTS ubuntu-xenial ttyS0

ubuntu-xenial login: 